2025-03-15 20:54:00 | DEBUG | repo=a4m36jee-2014-cdi-seminar | action=commit
2025-05-10 20:21:00 | WARN | repo=a4m36jee-2014-cdi-seminar | action=commit
2025-07-10 19:19:00 | INFO | repo=a4m36jee-2014-cdi-seminar | action=commit
2025-12-22 18:53:00 | DEBUG | repo=a4m36jee-2014-cdi-seminar | action=commit
2025-02-08 17:52:00 | WARN | repo=a4m36jee-2014-cdi-seminar | action=commit
2025-09-16 18:41:00 | WARN | repo=a4m36jee-2014-cdi-seminar | action=commit
2025-10-03 16:57:00 | WARN | repo=a4m36jee-2014-cdi-seminar | action=commit
2025-12-09 21:48:00 | INFO | repo=a4m36jee-2014-cdi-seminar | action=edit | files=3
2025-12-24 19:16:00 | DEBUG | repo=a4m36jee-2014-cdi-seminar | action=commit
2025-04-27 19:49:00 | INFO | repo=a4m36jee-2014-cdi-seminar | action=commit
2025-04-22 10:50:00 | INFO | repo=a4m36jee-2014-cdi-seminar | action=commit
2025-11-23 21:27:00 | DEBUG | repo=a4m36jee-2014-cdi-seminar | action=edit | files=2
2025-03-03 08:39:00 | WARN | repo=a4m36jee-2014-cdi-seminar | action=test | passed=true
2025-08-12 09:31:00 | INFO | repo=a4m36jee-2014-cdi-seminar | action=commit
2025-01-24 08:47:00 | DEBUG | repo=a4m36jee-2014-cdi-seminar | action=pull
2025-08-13 19:14:00 | DEBUG | repo=a4m36jee-2014-cdi-seminar | action=commit
2025-03-18 20:18:00 | INFO | repo=a4m36jee-2014-cdi-seminar | action=commit
2025-03-13 21:42:00 | INFO | repo=a4m36jee-2014-cdi-seminar | action=commit
2025-11-25 20:19:00 | WARN | repo=a4m36jee-2014-cdi-seminar | action=commit
2025-09-19 19:10:00 | INFO | repo=a4m36jee-2014-cdi-seminar | action=commit
2025-07-20 12:21:00 | INFO | repo=a4m36jee-2014-cdi-seminar | action=commit
2025-01-02 16:01:00 | WARN | repo=a4m36jee-2014-cdi-seminar | action=commit
2025-04-09 18:51:00 | DEBUG | repo=a4m36jee-2014-cdi-seminar | action=commit
2025-06-17 18:49:00 | WARN | repo=a4m36jee-2014-cdi-seminar | action=commit
2025-04-28 17:54:00 | WARN | repo=a4m36jee-2014-cdi-seminar | action=commit
2025-04-17 07:25:00 | INFO | repo=a4m36jee-2014-cdi-seminar | action=commit
2025-07-19 18:45:00 | WARN | repo=a4m36jee-2014-cdi-seminar | action=test | passed=true
2025-01-04 19:24:00 | INFO | repo=a4m36jee-2014-cdi-seminar | action=commit
2025-08-28 16:30:00 | DEBUG | repo=a4m36jee-2014-cdi-seminar | action=commit
2025-01-07 12:22:00 | WARN | repo=a4m36jee-2014-cdi-seminar | action=commit
2025-12-12 18:05:00 | DEBUG | repo=a4m36jee-2014-cdi-seminar | action=commit
2025-04-18 07:40:00 | DEBUG | repo=a4m36jee-2014-cdi-seminar | action=test | passed=true
2025-11-22 18:01:00 | WARN | repo=a4m36jee-2014-cdi-seminar | action=commit
2025-12-22 11:27:00 | DEBUG | repo=a4m36jee-2014-cdi-seminar | action=commit
2025-02-02 07:25:00 | DEBUG | repo=a4m36jee-2014-cdi-seminar | action=commit
2025-05-07 07:39:00 | DEBUG | repo=a4m36jee-2014-cdi-seminar | action=commit
